// Jest Snapshot v1, https://goo.gl/fbAQLP

exports[`Spinner snapshot testing should match the snapshot 1`] = `
<div>
  <span>
    asdfdsafas
  </span>
  <input
    onClick={[Function]}
    type="button"
    value="Double Decrement"
  />
  <input
    onClick={[Function]}
    type="button"
    value="Decrement"
  />
  <span>
     [ 
    0
     ] 
  </span>
  <input
    onClick={[Function]}
    type="button"
    value="Increment"
  />
  <input
    onClick={[Function]}
    type="button"
    value="Double Increment"
  />
</div>
`;
